
> ai-story-writer@1.0.0 build
> vite build

[36mvite v6.4.1 [32mbuilding for production...[36m[39m
transforming...
[32mΓ£ô[39m 2316 modules transformed.
rendering chunks...
node.exe : [33m[plugin vite:reporter] 
At line:1 char:1
+ & "C:\Program Files\nodejs/node.exe" 
"C:\Program Files\nodejs/node_mo ...
+ ~~~~~~~~~~~~~~~~~~~~~~~~~~~~~~~~~~~~~~~~~~
~~~~~~~~~~~~~~~~~~~~~~~~~~~
    + CategoryInfo          : NotSpecified: 
    ([33m[plugin vite:reporter] :String)   
  [], RemoteException
    + FullyQualifiedErrorId : NativeCommand 
   Error
 
(!) E:/viettruyenbanchuacodb/src/services/ap
iClient.js is dynamically imported by E:/vie
ttruyenbanchuacodb/src/context/ApiKeyContext
.jsx, E:/viettruyenbanchuacodb/src/context/A
piKeyContext.jsx, E:/viettruyenbanchuacodb/s
rc/services/ai/autoSummarize.js but also 
statically imported by E:/viettruyenbanchuac
odb/src/components/modals/ApiKeyModal.jsx, E
:/viettruyenbanchuacodb/src/components/rolep
lay/hooks/useRoleplaySession.js, E:/viettruy
enbanchuacodb/src/context/ApiKeyContext.jsx,
 E:/viettruyenbanchuacodb/src/context/StoryC
ontext.jsx, E:/viettruyenbanchuacodb/src/ser
vices/ai/aiAnalysis.js, E:/viettruyenbanchua
codb/src/services/ai/aiOutline.js, E:/viettr
uyenbanchuacodb/src/services/ai/aiPrompt.js,
 E:/viettruyenbanchuacodb/src/services/ai/ai
Writing.js, E:/viettruyenbanchuacodb/src/ser
vices/ai/aiWritingPipeline.js, E:/viettruyen
banchuacodb/src/services/embeddingService.js
, E:/viettruyenbanchuacodb/src/services/rese
archService.js, E:/viettruyenbanchuacodb/src
/services/smartEditorService.js, dynamic 
import will not move module into another 
chunk.
[39m
computing gzip size...
[2mdist/[22m[32mindex.html                    [39m[1m[2m    0.45 kB[22m[1m[22m[2m Γöé gzip:   0.33 kB[22m
[2mdist/[22m[35massets/index-CBJ0iLov.css     [39m[1m[2m  103.72 kB[22m[1m[22m[2m Γöé gzip:  16.72 kB[22m
[2mdist/[22m[36massets/jszip.min-xlsxGZYF.js  [39m[1m[2m   97.54 kB[22m[1m[22m[2m Γöé gzip:  30.32 kB[22m
[2mdist/[22m[36massets/index-C1z9gEaz.js      [39m[1m[33m1,373.46 kB[39m[22m[2m Γöé gzip: 393.43 kB[22m
[33m
(!) Some chunks are larger than 500 kB 
after minification. Consider:
- Using dynamic import() to code-split the 
application
- Use 
build.rollupOptions.output.manualChunks to 
improve chunking: https://rollupjs.org/confi
guration-options/#output-manualchunks
- Adjust chunk size limit for this warning 
via build.chunkSizeWarningLimit.[39m
[32mΓ£ô built in 5.13s[39m
